Model     allenai/OLMoE-1B-7B-0924  (olmoe; allenai/OLMoE-1B-7B-0924 (olmoe, qwen2_moe): 16/16 MoE layers, E=64 H=2048 I=1024, top-8; 6.44B expert + 0.48B dense params)
Workload  train: seq 512 x micro-batch 2 (= 1024 tokens/forward), grad-accum 1, 12 steps
Budget    device  10.65 GiB [reported: free now]   host  20.50 GiB [reported: available now]   headroom   0.53 GiB [policy]

Selected  backend experts4bit: experts on device, grouped_nf4 kernel
  adapter_dtype: bf16
  alpha: 16
  attn_4bit: False
  blocksize: 64
  dgrad: True
  expert_kernel: grouped_nf4
  expert_residency: device
  keep_moe_layers: 0
  pin: True
  quant_type: nf4
  r: 8
  train_attention: True
  train_experts: True

Estimated memory (each line says how it is known)
  device frozen expert stacks                    3.38 GiB  [derived]  16 stacks in nf4, blocksize 64 (packed + absmax)
  device dense weights (bf16)                    0.89 GiB  [derived]  embeddings, attention, norms, routers, dense/shared MLPs; tied head counted once
  device expert LoRA adapters                    0.11 GiB  [derived]  ExpertsLoRA r=8, bf16
  device attention LoRA adapters                 0.00 GiB  [derived]  64 projections, r=8, bf16
  device adapter gradients                       0.11 GiB  [derived]  one gradient per trainable parameter, in its dtype
  device optimizer state (adamw)                 0.23 GiB  [derived]  exp_avg + exp_avg_sq per trainable parameter, in its dtype (torch.optim.AdamW)
  device activations                             0.54 GiB  [heuristic]  16 saved layer inputs (T x H bf16) + max(logits and loss in bf16+fp32+fp32 = 0.52 GB, 2 x one layer's recompute = 0.20 GB) at T=1024
  device CUDA context + library workspaces       0.50 GiB  [inferred]  default; no receipt on file measured this GPU + driver
  host   process baseline (torch, CUDA, libraries)   3.00 GiB  [inferred]  default; no receipt on file measured this host
  device total                                   5.76 GiB   of  10.65 GiB budget
  host total                                     3.00 GiB   of  20.50 GiB budget

Not modelled (each can make the real peak higher)
  - CUDA context, cuBLAS/Triton workspaces and allocator fragmentation (the caller's to add)
  - load-time transients (the streaming loader's per-tensor quantize; host page cache)

Why
  - experts resident on the device: 5.76 GiB estimated + 0.53 GiB headroom fits the 10.65 GiB budget
  - expert kernel grouped_nf4: grouped-nf4-gemm 0.37.0 (training route 'fused': auto: compute capability 8.6 is not 9.0)
  - ordering, expert_kernel: grouped_nf4 before reference: e4b.train.h2h.unsloth.olmoe.5090.2026-09-19 (1.39 vs 14.88 s/step), gnf4.kernel.e2e-training-real-prose (4.50x on a 4090)
  - ordering, expert_residency: device before host: host residency adds a per-layer host-to-device copy in every forward and every recompute (structural; the register has no same-card resident/offload ratio)
  - ordering, attn_4bit: bf16 attention before NF4: NF4 attention measured 1.013x step cost for -1.34 GB (experts4bit_qlora.lora.quantize_attention_projections_4bit, audit VRAMCENSUS)
  - activation policy: every decoder layer checkpointed (recomputed in backward); no MoE activations kept (keep_moe_layers is a dial the planner does not choose yet)

Warnings
  - 1.34 GiB of NVIDIA RTX A2000 12GB is already in use by other processes

Performance  not predicted: no performance model is calibrated for this backend yet; the ordering below rests on measured relative speeds, not on a time estimate

Alternatives considered
  [fits ] experts on device, grouped_nf4 kernel, NF4 attention       device   5.39 GiB  host   3.00 GiB  objective speed: ordered by measured evidence (see Why)
  [fits ] experts on device, reference kernel                        device   5.76 GiB  host   3.00 GiB  objective speed: ordered by measured evidence (see Why)
  [fits ] experts on device, reference kernel, NF4 attention         device   5.39 GiB  host   3.00 GiB  objective speed: ordered by measured evidence (see Why)
  [fits ] experts on host, grouped_nf4 kernel                        device   2.59 GiB  host   6.38 GiB  objective speed: ordered by measured evidence (see Why)
  [fits ] experts on host, grouped_nf4 kernel, NF4 attention         device   2.22 GiB  host   6.38 GiB  objective speed: ordered by measured evidence (see Why)
  [fits ] experts on host, reference kernel                          device   3.19 GiB  host   6.38 GiB  objective speed: ordered by measured evidence (see Why)
  [fits ] experts on host, reference kernel, NF4 attention           device   2.82 GiB  host   6.38 GiB  objective speed: ordered by measured evidence (see Why)

Executing the selected plan...
[17:07:23]   checkpoint: allenai/OLMoE-1B-7B-0924 @ 6d84c48581ece794365f2b8e9cfb043c68ade9c5 (requested main, unpinned)
[17:07:24]   fusing + quantizing experts (up to 16x64) to nf4 (streaming)...
[17:38:31]   quantized experts on 16/16 MoE layers (64 experts each)
[17:38:31]   loading non-expert weights (attention/embeddings/router/norms/dense-mlp)...
Using the latest cached version of the dataset since tatsu-lab/alpaca couldn't be found on the Hugging Face Hub (offline mode is enabled).
Found the latest cached dataset configuration 'default' at /home/node/.cache/huggingface/datasets/tatsu-lab___alpaca/default/0.0.0/dce01c9b08f87459cf36a430d809084718273017 (last modified on Fri Jul  3 14:24:07 2026).
  step 1/12  loss 1.8590  15.92s  peak 5.16 GiB
  step 5/12  loss 1.5052  2.40s  peak 5.42 GiB
  step 10/12  loss 1.1661  2.60s  peak 5.43 GiB
  step 12/12  loss 1.2240  2.30s  peak 5.47 GiB

Run OLMoE-1B-7B-0924-device-grouped_nf4-t1024-20261004T173932Z: OK
  step time  median 2.35 s (steps 3..12), 436 tokens/s  [measured]
  loss       1.8590 -> 1.2240; first third 1.4818, last third 1.2739; finite=True
  integrity  frozen expert bytes unchanged=True; adapters moved=True
  memory                      estimated   measured   residual
    device_allocator           5.26 GiB   5.47 GiB  +0.21 GiB
    device_driver              5.76 GiB   6.82 GiB  +1.06 GiB
    host                       3.00 GiB   8.61 GiB  +5.61 GiB

receipt: /home/node/work/loggetta-ws/runs/receipts/OLMoE-1B-7B-0924-device-grouped_nf4-t1024-20261004T173932Z.json
