Model     allenai/OLMoE-1B-7B-0924  (olmoe; allenai/OLMoE-1B-7B-0924 (olmoe, qwen2_moe): 16/16 MoE layers, E=64 H=2048 I=1024, top-8; 6.44B expert + 0.48B dense params)
Workload  train: seq 512 x micro-batch 2 (= 1024 tokens/forward), grad-accum 1, 12 steps
Budget    device  10.65 GiB [reported: free now]   host  24.96 GiB [reported: available now]   headroom   0.53 GiB [policy]

Selected  backend experts4bit: experts on host, grouped_nf4 kernel
  adapter_dtype: bf16
  alpha: 16
  attn_4bit: False
  blocksize: 64
  dgrad: True
  expert_kernel: grouped_nf4
  expert_residency: host
  keep_moe_layers: 0
  pin: True
  quant_type: nf4
  r: 8
  train_attention: True
  train_experts: True

Estimated memory (each line says how it is known)
  device frozen expert stacks, one layer staged   0.21 GiB  [derived]  offload streams one layer's stack to the GPU at a time
  host   frozen expert stacks, host homes (pinned)   3.38 GiB  [derived]  3.62 GB of nf4, blocksize 64, each pinned tensor rounded up to a power of two
  link   expert staging, host to device per micro-batch   6.75 GiB  [derived]  each layer's stack is copied once for its forward and once for the checkpoint recompute (engines/offload.py)
  device dense weights (bf16)                    0.89 GiB  [derived]  embeddings, attention, norms, routers, dense/shared MLPs; tied head counted once
  device expert LoRA adapters                    0.11 GiB  [derived]  ExpertsLoRA r=8, bf16
  device attention LoRA adapters                 0.00 GiB  [derived]  64 projections, r=8, bf16
  device adapter gradients                       0.11 GiB  [derived]  one gradient per trainable parameter, in its dtype
  device optimizer state (adamw)                 0.23 GiB  [derived]  exp_avg + exp_avg_sq per trainable parameter, in its dtype (torch.optim.AdamW)
  device activations                             0.54 GiB  [heuristic]  16 saved layer inputs (T x H bf16) + max(logits and loss in bf16+fp32+fp32 = 0.52 GB, 2 x one layer's recompute = 0.20 GB) at T=1024
  device allocator reserve (cached, unallocated blocks)   0.81 GiB  [measured]  receipt OLMoE-1B-7B-0924-host-grouped_nf4-t1024-20261004T175357Z (same residency and kernel): reserved / allocated peak - 1 = 0.386
  device CUDA context + library workspaces       0.13 GiB  [measured]  receipt granite-3.1-3b-a800m-instruct-device-grouped_nf4-t1024-20261004T180058Z: driver-reported process peak minus allocator reserved peak
  host   process baseline (torch, CUDA, libraries, model objects)   0.66 GiB  [measured]  receipt granite-3.1-3b-a800m-instruct-device-grouped_nf4-t1024-20261004T180058Z: anonymous RSS after load
  device total                                   3.04 GiB   of  10.65 GiB budget
  host total                                     4.04 GiB   of  24.96 GiB budget

Not modelled (each can make the real peak higher)
  - offload staging transient on the fused kernel path (unmeasured)
  - load-time transients (the streaming loader's per-tensor quantize; host page cache)

Why
  - experts host-backed (pinned, streamed one layer at a time): chosen by objective speed
  - expert kernel grouped_nf4: grouped-nf4-gemm 0.37.0 (training route 'fused': auto: compute capability 8.6 is not 9.0)
  - ordering, expert_kernel: grouped_nf4 before reference: e4b.train.h2h.unsloth.olmoe.5090.2026-09-19 (1.39 vs 14.88 s/step), gnf4.kernel.e2e-training-real-prose (4.50x on a 4090)
  - ordering, expert_residency: device before host: host residency adds a per-layer host-to-device copy in every forward and every recompute (structural; the register has no same-card resident/offload ratio)
  - ordering, attn_4bit: bf16 attention before NF4: NF4 attention measured 1.013x step cost for -1.34 GB (experts4bit_qlora.lora.quantize_attention_projections_4bit, audit VRAMCENSUS)
  - ordering, pin: pinned host homes before pageable: a pageable copy is staged through a bounce buffer (CUDA), so it is slower per byte; pinned requests round up to a power of two (grouped-nf4-gemm#71), pageable ones do not
  - activation policy: every decoder layer checkpointed (recomputed in backward); no MoE activations kept (keep_moe_layers is a dial the planner does not choose yet)

Warnings
  - 1.34 GiB of NVIDIA RTX A2000 12GB is already in use by other processes
  - host-resident experts stream over PCIe, and the driver reports the link at x8 of x16 right now

Performance  not predicted: no performance model is calibrated for this backend yet; the ordering below rests on measured relative speeds, not on a time estimate
  transfer bound  >= 1.18 s/step: 7.25 GB host-to-device per step over <= 6.14 GB/s [measured: pinned host-to-device copy, receipt granite-3.1-3b-a800m-instruct-device-grouped_nf4-t1024-20261004T180058Z]

Alternatives considered
  [fits ] experts on host, grouped_nf4 kernel, pageable              device   3.04 GiB  host   4.04 GiB  objective speed: ordered by measured evidence (see Why)
  [fits ] experts on host, grouped_nf4 kernel, NF4 attention         device   2.52 GiB  host   4.04 GiB  objective speed: ordered by measured evidence (see Why)
  [fits ] experts on host, grouped_nf4 kernel, NF4 attention, pageable device   2.52 GiB  host   4.04 GiB  objective speed: ordered by measured evidence (see Why)
  [fits ] experts on host, reference kernel                          device   3.43 GiB  host   4.04 GiB  objective speed: ordered by measured evidence (see Why)
  [fits ] experts on host, reference kernel, pageable                device   3.43 GiB  host   4.04 GiB  objective speed: ordered by measured evidence (see Why)
  [fits ] experts on host, reference kernel, NF4 attention           device   2.98 GiB  host   4.04 GiB  objective speed: ordered by measured evidence (see Why)
  [fits ] experts on host, reference kernel, NF4 attention, pageable device   2.98 GiB  host   4.04 GiB  objective speed: ordered by measured evidence (see Why)

Executing the selected plan...
[18:20:42]   checkpoint: allenai/OLMoE-1B-7B-0924 @ 6d84c48581ece794365f2b8e9cfb043c68ade9c5 (requested main, unpinned)
[18:20:42]   fusing + quantizing experts (up to 16x64) to nf4 (streaming)...
[18:20:52]   quantized experts on 16/16 MoE layers (64 experts each)
[18:20:52]   offloaded 16 layers' 4-bit experts to pinned CPU RAM (streamed to GPU one layer at a time during train/eval)
[18:20:52]   loading non-expert weights (attention/embeddings/router/norms/dense-mlp)...
Using the latest cached version of the dataset since tatsu-lab/alpaca couldn't be found on the Hugging Face Hub (offline mode is enabled).
Found the latest cached dataset configuration 'default' at /home/node/.cache/huggingface/datasets/tatsu-lab___alpaca/default/0.0.0/dce01c9b08f87459cf36a430d809084718273017 (last modified on Fri Jul  3 14:24:07 2026).
  step 1/12  loss 1.8590  5.46s  peak 2.00 GiB
  step 5/12  loss 1.5063  2.78s  peak 2.25 GiB
  step 10/12  loss 1.1644  2.80s  peak 2.27 GiB
  step 12/12  loss 1.2219  2.83s  peak 2.31 GiB

Run OLMoE-1B-7B-0924-host-grouped_nf4-t1024-20261004T182135Z: OK
  step time  median 2.79 s (steps 3..12), 368 tokens/s  [measured]
  loss       1.8590 -> 1.2219; first third 1.4817, last third 1.2731; finite=True
  integrity  frozen expert bytes unchanged=True; adapters moved=True
  memory                      estimated   measured   residual
    device_allocator           2.09 GiB   2.31 GiB  +0.21 GiB
    device_driver              3.04 GiB   3.33 GiB  +0.29 GiB
    host                       4.04 GiB   5.05 GiB  +1.02 GiB

receipt: /home/node/work/loggetta-ws/runs/receipts/OLMoE-1B-7B-0924-host-grouped_nf4-t1024-20261004T182135Z.json
