Model     ibm-granite/granite-3.1-3b-a800m-instruct  (granitemoe; ibm-granite/granite-3.1-3b-a800m-instruct (granitemoe, granitemoe): 32/32 MoE layers, E=40 H=1536 I=512, top-8; 3.02B expert + 0.28B dense params)
Workload  train: seq 512 x micro-batch 2 (= 1024 tokens/forward), grad-accum 1, 12 steps
Budget    device  10.65 GiB [reported: free now]   host  24.34 GiB [reported: available now]   headroom   0.53 GiB [policy]

Selected  backend experts4bit: experts on device, grouped_nf4 kernel
  adapter_dtype: bf16
  alpha: 16
  attn_4bit: False
  blocksize: 64
  dgrad: True
  expert_kernel: grouped_nf4
  expert_residency: device
  keep_moe_layers: 0
  pin: True
  quant_type: nf4
  r: 8
  train_attention: True
  train_experts: True

Estimated memory (each line says how it is known)
  device frozen expert stacks                    1.58 GiB  [derived]  32 stacks in nf4, blocksize 64 (packed + absmax)
  device dense weights (bf16)                    0.52 GiB  [derived]  embeddings, attention, norms, routers, dense/shared MLPs; tied head counted once
  device expert LoRA adapters                    0.09 GiB  [derived]  ExpertsLoRA r=8, bf16
  device attention LoRA adapters                 0.00 GiB  [derived]  128 projections, r=8, bf16
  device adapter gradients                       0.09 GiB  [derived]  one gradient per trainable parameter, in its dtype
  device optimizer state (adamw)                 0.19 GiB  [derived]  exp_avg + exp_avg_sq per trainable parameter, in its dtype (torch.optim.AdamW)
  device activations                             0.56 GiB  [heuristic]  32 saved layer inputs (T x H bf16) + max(logits and loss in bf16+fp32+fp32 = 0.50 GB, 2 x one layer's recompute = 0.12 GB) at T=1024
  device allocator reserve (cached, unallocated blocks)   1.17 GiB  [measured]  receipt OLMoE-1B-7B-0924-host-grouped_nf4-t1024-20261004T175357Z: reserved peak / allocated peak - 1 = 0.386
  device CUDA context + library workspaces       0.13 GiB  [measured]  receipt OLMoE-1B-7B-0924-host-grouped_nf4-t1024-20261004T175357Z: driver-reported process peak minus allocator reserved peak
  host   process baseline (torch, CUDA, libraries, model objects)   0.70 GiB  [measured]  receipt OLMoE-1B-7B-0924-host-grouped_nf4-t1024-20261004T175357Z
  device total                                   4.34 GiB   of  10.65 GiB budget
  host total                                     0.70 GiB   of  24.34 GiB budget

Not modelled (each can make the real peak higher)
  - load-time transients (the streaming loader's per-tensor quantize; host page cache)

Why
  - experts resident on the device: 4.34 GiB estimated + 0.53 GiB headroom fits the 10.65 GiB budget
  - expert kernel grouped_nf4: grouped-nf4-gemm 0.37.0 (training route 'fused': auto: compute capability 8.6 is not 9.0)
  - ordering, expert_kernel: grouped_nf4 before reference: e4b.train.h2h.unsloth.olmoe.5090.2026-09-19 (1.39 vs 14.88 s/step), gnf4.kernel.e2e-training-real-prose (4.50x on a 4090)
  - ordering, expert_residency: device before host: host residency adds a per-layer host-to-device copy in every forward and every recompute (structural; the register has no same-card resident/offload ratio)
  - ordering, attn_4bit: bf16 attention before NF4: NF4 attention measured 1.013x step cost for -1.34 GB (experts4bit_qlora.lora.quantize_attention_projections_4bit, audit VRAMCENSUS)
  - ordering, pin: pinned host homes before pageable: a pageable copy is staged through a bounce buffer (CUDA), so it is slower per byte; pinned requests round up to a power of two (grouped-nf4-gemm#71), pageable ones do not
  - activation policy: every decoder layer checkpointed (recomputed in backward); no MoE activations kept (keep_moe_layers is a dial the planner does not choose yet)

Warnings
  - 1.34 GiB of NVIDIA RTX A2000 12GB is already in use by other processes

Performance  not predicted: no performance model is calibrated for this backend yet; the ordering below rests on measured relative speeds, not on a time estimate

Alternatives considered
  [fits ] experts on device, grouped_nf4 kernel, NF4 attention       device   3.95 GiB  host   0.70 GiB  objective speed: ordered by measured evidence (see Why)
  [fits ] experts on device, reference kernel                        device   4.34 GiB  host   0.70 GiB  objective speed: ordered by measured evidence (see Why)
  [fits ] experts on device, reference kernel, NF4 attention         device   3.95 GiB  host   0.70 GiB  objective speed: ordered by measured evidence (see Why)
  [fits ] experts on host, grouped_nf4 kernel                        device   2.22 GiB  host   2.39 GiB  objective speed: ordered by measured evidence (see Why)
  [fits ] experts on host, grouped_nf4 kernel, pageable              device   2.22 GiB  host   2.28 GiB  objective speed: ordered by measured evidence (see Why)
  [fits ] experts on host, grouped_nf4 kernel, NF4 attention         device   1.83 GiB  host   2.39 GiB  objective speed: ordered by measured evidence (see Why)
  [fits ] experts on host, grouped_nf4 kernel, NF4 attention, pageable device   1.83 GiB  host   2.28 GiB  objective speed: ordered by measured evidence (see Why)
  [fits ] experts on host, reference kernel                          device   2.41 GiB  host   2.39 GiB  objective speed: ordered by measured evidence (see Why)
  [fits ] experts on host, reference kernel, pageable                device   2.41 GiB  host   2.28 GiB  objective speed: ordered by measured evidence (see Why)
  [fits ] experts on host, reference kernel, NF4 attention           device   2.02 GiB  host   2.39 GiB  objective speed: ordered by measured evidence (see Why)
  [fits ] experts on host, reference kernel, NF4 attention, pageable device   2.02 GiB  host   2.28 GiB  objective speed: ordered by measured evidence (see Why)

Executing the selected plan...
[17:57:06]   checkpoint: ibm-granite/granite-3.1-3b-a800m-instruct @ a02780686e08a03fe0d2679a293b5c74a90efa89 (requested main, unpinned)
[17:57:06]   fusing + quantizing experts (up to 32x40) to nf4 (streaming)...
[17:59:36]   quantized experts on 32/32 MoE layers (40 experts each)
[17:59:36]   loading non-expert weights (attention/embeddings/router/norms/dense-mlp)...
Using the latest cached version of the dataset since tatsu-lab/alpaca couldn't be found on the Hugging Face Hub (offline mode is enabled).
Found the latest cached dataset configuration 'default' at /home/node/.cache/huggingface/datasets/tatsu-lab___alpaca/default/0.0.0/dce01c9b08f87459cf36a430d809084718273017 (last modified on Fri Jul  3 14:24:07 2026).
  step 1/12  loss 1.6382  40.08s  peak 2.90 GiB
  step 5/12  loss 1.3168  1.79s  peak 3.09 GiB
  step 10/12  loss 1.3978  1.76s  peak 3.09 GiB
  step 12/12  loss 1.0636  1.85s  peak 3.09 GiB

Run granite-3.1-3b-a800m-instruct-device-grouped_nf4-t1024-20261004T180058Z: OK
  step time  median 1.77 s (steps 3..12), 578 tokens/s  [measured]
  loss       1.6382 -> 1.0636; first third 1.3218, last third 1.2367; finite=True
  integrity  frozen expert bytes unchanged=True; adapters moved=True
  memory                      estimated   measured   residual
    device_allocator           3.04 GiB   3.09 GiB  +0.05 GiB
    device_driver              4.34 GiB   3.93 GiB  -0.41 GiB
    host                       0.70 GiB   1.86 GiB  +1.16 GiB

receipt: /home/node/work/loggetta-ws/runs/receipts/granite-3.1-3b-a800m-instruct-device-grouped_nf4-t1024-20261004T180058Z.json
