Model     ibm-granite/granite-4.0-h-tiny  (granitemoehybrid; ibm-granite/granite-4.0-h-tiny (granitemoehybrid, granitemoe): 40/40 MoE layers, E=64 H=1536 I=512, top-6; 6.04B expert + 0.90B dense params)
Workload  train: seq 512 x micro-batch 2 (= 1024 tokens/forward), grad-accum 1, 12 steps
Budget    device  10.65 GiB [reported: free now]   host  24.93 GiB [reported: available now]   headroom   0.53 GiB [policy]

Selected  backend experts4bit: experts on device, grouped_nf4 kernel
  adapter_dtype: bf16
  alpha: 16
  attn_4bit: False
  blocksize: 64
  dgrad: True
  expert_kernel: grouped_nf4
  expert_residency: device
  keep_moe_layers: 0
  pin: True
  quant_type: nf4
  r: 8
  train_attention: True
  train_experts: True

Estimated memory (each line says how it is known)
  device frozen expert stacks                    3.16 GiB  [derived]  40 stacks in nf4, blocksize 64 (packed + absmax)
  device dense weights (bf16)                    1.67 GiB  [derived]  embeddings, attention, norms, routers, dense/shared MLPs; tied head counted once
  device expert LoRA adapters                    0.18 GiB  [derived]  ExpertsLoRA r=8, bf16
  device attention LoRA adapters                 0.00 GiB  [derived]  16 projections, r=8, bf16
  device adapter gradients                       0.18 GiB  [derived]  one gradient per trainable parameter, in its dtype
  device optimizer state (adamw)                 0.35 GiB  [derived]  exp_avg + exp_avg_sq per trainable parameter, in its dtype (torch.optim.AdamW)
  device activations                             1.07 GiB  [heuristic]  40 saved layer inputs (T x H bf16) + max(logits and loss in bf16+fp32+fp32 = 1.03 GB, 2 x one layer's recompute = 0.09 GB) at T=1024
  device allocator reserve (cached, unallocated blocks)   1.51 GiB  [measured]  receipt granite-3.1-3b-a800m-instruct-device-grouped_nf4-t1024-20261004T180058Z (same residency and kernel): reserved / allocated peak - 1 = 0.228
  device CUDA context + library workspaces       0.13 GiB  [measured]  receipt OLMoE-1B-7B-0924-host-grouped_nf4-t1024-20261004T182135Z: driver-reported process peak minus allocator reserved peak
  host   process baseline (torch, CUDA, libraries, model objects)   0.70 GiB  [measured]  receipt OLMoE-1B-7B-0924-host-grouped_nf4-t1024-20261004T182135Z
  device total                                   8.26 GiB   of  10.65 GiB budget
  host total                                     0.70 GiB   of  24.93 GiB budget

Not modelled (each can make the real peak higher)
  - 36 of 40 layers mix tokens without q/k/v attention (state-space, convolution or linear attention): their recompute working set
  - load-time transients (the streaming loader's per-tensor quantize; host page cache)

Why
  - experts resident on the device: 8.26 GiB estimated + 0.53 GiB headroom fits the 10.65 GiB budget
  - expert kernel grouped_nf4: grouped-nf4-gemm 0.37.0 (training route 'fused': auto: compute capability 8.6 is not 9.0)
  - ordering, expert_kernel: grouped_nf4 before reference: e4b.train.h2h.unsloth.olmoe.5090.2026-09-19 (1.39 vs 14.88 s/step), gnf4.kernel.e2e-training-real-prose (4.50x on a 4090)
  - ordering, expert_residency: device before host: host residency adds a per-layer host-to-device copy in every forward and every recompute (structural; the register has no same-card resident/offload ratio)
  - ordering, attn_4bit: bf16 attention before NF4: NF4 attention measured 1.013x step cost for -1.34 GB (experts4bit_qlora.lora.quantize_attention_projections_4bit, audit VRAMCENSUS)
  - ordering, pin: pinned host homes before pageable: a pageable copy is staged through a bounce buffer (CUDA), so it is slower per byte; pinned requests round up to a power of two (grouped-nf4-gemm#71), pageable ones do not
  - activation policy: every decoder layer checkpointed (recomputed in backward); no MoE activations kept (keep_moe_layers is a dial the planner does not choose yet)

Warnings
  - 1.34 GiB of NVIDIA RTX A2000 12GB is already in use by other processes

Performance  not predicted: no performance model is calibrated for this backend yet; the ordering below rests on measured relative speeds, not on a time estimate

Alternatives considered
  [fits ] experts on device, grouped_nf4 kernel, NF4 attention       device   8.22 GiB  host   0.70 GiB  objective speed: ordered by measured evidence (see Why)
  [fits ] experts on device, reference kernel                        device   7.85 GiB  host   0.70 GiB  objective speed: ordered by measured evidence (see Why)
  [fits ] experts on device, reference kernel, NF4 attention         device   7.81 GiB  host   0.70 GiB  objective speed: ordered by measured evidence (see Why)
  [fits ] experts on host, grouped_nf4 kernel                        device   5.03 GiB  host   4.92 GiB  objective speed: ordered by measured evidence (see Why)
  [fits ] experts on host, grouped_nf4 kernel, pageable              device   5.03 GiB  host   3.86 GiB  objective speed: ordered by measured evidence (see Why)
  [fits ] experts on host, grouped_nf4 kernel, NF4 attention         device   4.98 GiB  host   4.92 GiB  objective speed: ordered by measured evidence (see Why)
  [fits ] experts on host, grouped_nf4 kernel, NF4 attention, pageable device   4.98 GiB  host   3.86 GiB  objective speed: ordered by measured evidence (see Why)
  [fits ] experts on host, reference kernel                          device   5.34 GiB  host   4.92 GiB  objective speed: ordered by measured evidence (see Why)
  [fits ] experts on host, reference kernel, pageable                device   5.34 GiB  host   3.86 GiB  objective speed: ordered by measured evidence (see Why)
  [fits ] experts on host, reference kernel, NF4 attention           device   5.29 GiB  host   4.92 GiB  objective speed: ordered by measured evidence (see Why)
  [fits ] experts on host, reference kernel, NF4 attention, pageable device   5.29 GiB  host   3.86 GiB  objective speed: ordered by measured evidence (see Why)

Executing the selected plan...
[18:22:12]   checkpoint: ibm-granite/granite-4.0-h-tiny @ 791e0d3d28c86e106c9b6e0b4cecdee0375b6124 (requested main, unpinned)
[18:22:12]   fusing + quantizing experts (up to 40x64) to nf4 (streaming)...
[18:29:31]   quantized experts on 40/40 MoE layers (64 experts each)
[18:29:31]   loading non-expert weights (attention/embeddings/router/norms/dense-mlp)...
Using the latest cached version of the dataset since tatsu-lab/alpaca couldn't be found on the Hugging Face Hub (offline mode is enabled).
Found the latest cached dataset configuration 'default' at /home/node/.cache/huggingface/datasets/tatsu-lab___alpaca/default/0.0.0/dce01c9b08f87459cf36a430d809084718273017 (last modified on Fri Jul  3 14:24:07 2026).
  step 1/12  loss 1.5906  85.21s  peak 6.32 GiB
  step 5/12  loss 1.4951  2.04s  peak 6.68 GiB
  step 10/12  loss 1.1475  2.30s  peak 6.68 GiB
  step 12/12  loss 0.8898  2.58s  peak 6.69 GiB

Run granite-4.0-h-tiny-device-grouped_nf4-t1024-20261004T183236Z: OK
  step time  median 2.30 s (steps 3..12), 446 tokens/s  [measured]
  loss       1.5906 -> 0.8898; first third 1.4449, last third 1.1465; finite=True
  integrity  frozen expert bytes unchanged=True; adapters moved=True
  memory                      estimated   measured   residual
    device_allocator           6.62 GiB   6.69 GiB  +0.07 GiB
    device_driver              8.26 GiB   7.41 GiB  -0.86 GiB
    host                       0.70 GiB   2.79 GiB  +2.09 GiB

receipt: /home/node/work/loggetta-ws/runs/receipts/granite-4.0-h-tiny-device-grouped_nf4-t1024-20261004T183236Z.json
