arm=E_fixed_default residency=device kernel=grouped_nf4 E4B_ABSMAX_DQ=<unset>
start=2026-10-09T12:00:35Z
Model     allenai/OLMoE-1B-7B-0924  (olmoe; allenai/OLMoE-1B-7B-0924 (olmoe, qwen2_moe): 16/16 MoE layers, E=64 H=2048 I=1024, top-8; 6.44B expert + 0.48B dense params)
Workload  train: seq 512 x micro-batch 2 (= 1024 tokens/forward), grad-accum 1, 2 steps
Budget    device  10.08 GiB [reported: free now]   host  27.24 GiB [reported: available now]   headroom   0.50 GiB [policy]
Data      demonstration: tatsu-lab/alpaca, full-sequence loss, repeated as needed; learning rate 0.0002: linear warmup over 1 step(s), then cosine decay to 2e-05

Selected  backend experts4bit: experts on device, grouped_nf4 kernel
  adapter_dtype: bf16
  alpha: 16
  attn_4bit: False
  blocksize: 64
  dgrad: True
  expert_kernel: grouped_nf4
  expert_residency: device
  keep_moe_layers: 0
  pin: True
  quant_type: nf4
  r: 8
  train_attention: True
  train_experts: True

Estimated memory (each line says how it is known)
  device frozen expert stacks                    3.38 GiB  [derived]  16 stacks in nf4, blocksize 64 (packed + absmax)
  device dense weights (bf16)                    0.89 GiB  [derived]  embeddings, attention, norms, routers, dense/shared MLPs; tied head counted once
  device expert LoRA adapters                    0.11 GiB  [derived]  ExpertsLoRA r=8, bf16
  device attention LoRA adapters                 0.00 GiB  [derived]  64 projections, r=8, bf16
  device adapter gradients                       0.11 GiB  [derived]  one gradient per trainable parameter, in its dtype
  device optimizer state (adamw)                 0.23 GiB  [derived]  exp_avg + exp_avg_sq per trainable parameter, in its dtype (torch.optim.AdamW)
  device activations                             0.54 GiB  [heuristic]  16 saved layer inputs (T x H bf16) + max(logits and loss in bf16+fp32+fp32 = 0.52 GB, 2 x one layer's recompute = 0.20 GB) at T=1024
  device grouped_nf4 MoE backward (above the activation item)   0.30 GiB  [heuristic]  boundaries 64.0 MiB + padded LoRA delta 640.0 MiB (65536 rows x (H + first_out + I = 2048 + 2048 + 1024) x 2 B; single block: min(E, T x top_k) x T = 64 x 1024) + fused workspaces 160.0 MiB (5 x T x top_k x first_out bf16) - the activation item 555.2 MiB; a bound in shape (#43, #44)
  device allocator reserve (cached, unallocated blocks)   1.11 GiB  [inferred]  default 20% of the allocator estimate; no receipt on file measured this GPU + driver
  device CUDA context + library workspaces       0.50 GiB  [inferred]  default; no receipt on file measured this GPU + driver
  host   process baseline (torch, CUDA, libraries, model objects)   3.00 GiB  [inferred]  default; no receipt on file measured this host
  device total                                   7.17 GiB   of  10.08 GiB budget
  host total                                     3.00 GiB   of  27.24 GiB budget

Not modelled (each can make the real peak higher)
  - load-time transients (the streaming loader's per-tensor quantize; host page cache)
  - grouped_nf4 LoRA-delta overrides read at run time and not by this estimate: NF4_QLORA_LORA_PATH, NF4_QLORA_PAD_BYTES_LIMIT, NF4_QLORA_PAD_WASTE_LIMIT, NF4_QLORA_PAD_BUCKETS(_MIN_ROWS), NF4_QLORA_PAD_BUCKETS_LADDER, NF4_QLORA_SINGLE_LADDER, NF4_QLORA_COMPACT_DELTA

Why
  - experts resident on the device: 7.17 GiB estimated + 0.50 GiB headroom fits the 10.08 GiB budget
  - expert kernel grouped_nf4: grouped-nf4-gemm 0.43.0 (training route 'fused': auto: compute capability 8.6 is not 9.0 (a call with 1 to 16 present groups takes the dense route))
  - ordering, expert_kernel: grouped_nf4 before reference: e4b.train.h2h.unsloth.olmoe.5090.2026-09-19 (1.39 vs 14.88 s/step), gnf4.kernel.e2e-training-real-prose (4.50x on a 4090)
  - ordering, expert_residency: device before host: host residency adds a per-layer host-to-device copy in every forward and every recompute (structural; the register has no same-card resident/offload ratio)
  - ordering, attn_4bit: bf16 attention before NF4: NF4 attention measured 1.013x step cost for -1.34 GB (experts4bit_qlora.lora.quantize_attention_projections_4bit, audit VRAMCENSUS)
  - ordering, pin: pinned host homes before pageable: a pageable copy is staged through a bounce buffer (CUDA), so it is slower per byte; pinned requests round up to a power of two (grouped-nf4-gemm#71), pageable ones do not
  - fixed by the caller: {'expert_kernel': 'grouped_nf4'}
  - activation policy: every decoder layer checkpointed (recomputed in backward); no MoE activations kept (keep_moe_layers is a dial the planner does not choose yet)

Warnings
  - 1.92 GiB of NVIDIA RTX A2000 12GB is already in use by other processes

Performance  not predicted: no performance model is calibrated for this backend yet; the ordering below rests on measured relative speeds, not on a time estimate

Alternatives considered
  [fits ] experts on device, grouped_nf4 kernel, NF4 attention       device   6.73 GiB  host   3.00 GiB  objective speed: ordered by measured evidence (see Why)

Executing the selected plan through backend experts4bit...
No dataset supplied: using the documented Alpaca demonstration, repeated as needed.
Using the latest cached version of the dataset since tatsu-lab/alpaca couldn't be found on the Hugging Face Hub (offline mode is enabled).
Found the latest cached dataset configuration 'default' at /workspace/hf/datasets/tatsu-lab___alpaca/default/0.0.0/dce01c9b08f87459cf36a430d809084718273017 (last modified on Sat Aug  1 18:52:09 2026).
Data ready: 2048 tokens from 22 rows; 1 pass(es); full-sequence, including prompts.
[12:00:46]   checkpoint: allenai/OLMoE-1B-7B-0924 @ 6d84c48581ece794365f2b8e9cfb043c68ade9c5 (requested main, unpinned)
[12:00:46]   fusing + quantizing experts (up to 16x64) to nf4 (streaming)...
[12:02:22]   quantized experts on 16/16 MoE layers (64 experts each)
[12:02:22]   loading non-expert weights (attention/embeddings/router/norms/dense-mlp)...
  step 1/2  loss 1.8582  5.91s  peak 4.82 GiB
  step 2/2  loss 1.2705  1.81s  peak 5.05 GiB

Run OLMoE-1B-7B-0924-device-grouped_nf4-t1024-20261009T120044Z-af805ae9: OK
  step time  median 3.86 s (steps 1..2), 265 tokens/s  [measured]
  loss       1.8582 -> 1.2705; first third 1.8582, last third 1.2705; finite=True
  integrity  sampled frozen expert bytes unchanged=True; adapters moved=True
  memory                      estimated   measured   residual
    device_allocator           5.56 GiB   5.05 GiB  -0.51 GiB
    device_driver              7.17 GiB   5.47 GiB  -1.70 GiB
    host                       3.00 GiB   1.64 GiB  -1.36 GiB
  adapter   /workspace/absmax-repro/arms/E_fixed_default/receipts/OLMoE-1B-7B-0924-device-grouped_nf4-t1024-20261009T120044Z-af805ae9/adapter (192 tensors; backend-adapter/1)

receipt: /workspace/absmax-repro/arms/E_fixed_default/receipts/OLMoE-1B-7B-0924-device-grouped_nf4-t1024-20261009T120044Z-af805ae9.json
rc=0
end=2026-10-09T12:02:42Z
